# 磁盘的分区、格式化、检验与挂载

对于系统管理者（root）而言，磁盘管理是非常重要的一环，尤其是近来磁盘已经渐渐被当成是消耗品了。

想要在系统里面新增一颗磁盘时，应该做的有：

1. 对磁盘进行分区，建立可用的 partition
2. 对该 partition 进行格式化（format），建立系统可用的 filesystem
3. 可选：对刚刚建立好的 filesystem 进行检查
4. 在 linux 系统上，建立挂载点（目录），并将它挂载上来

当然在上述步骤中有很多细致的需要考虑，比如磁盘分区槽（partition）需要多大？是否需要加入 jounal 的功能？inode 与 block 的数量应该如何划分等。

但是这些问题的决定，都需要与你的主机用途来考虑的，因此在本节，讲解几个入门操作，其他的自己去实战了解

##  观察磁盘分区状态

磁盘分区主要有 MBR 和 GPT 两种格式，支持的工具不一样（后续讲解的 parted 都支持），
习惯使用的是 fdisk 、gdisk 来处理分区。

###  lsblk 列出系统上所有磁盘列表

```bash
lsblk [-dfipt] [device]
```

- d：仅列出磁盘本身，并不会列出该磁盘的分区数据
- f：同时列出该磁盘内的文件系统名称
- i：使用 ASCII 的线段输出，不要使用复杂的编码（在某些环境下很有用）
- m：同时输出该装置在 /dev 下的权限数据（rwx）
- p：列出该装置的完整文件名，而不是仅列出最后的名字
- t：列出该磁盘装置的详细数据，包括磁盘队列机制、预读写的数据量大小等

实践练习



列出本系统下的所有磁盘与磁盘内的分区信息

```bash
[mrcode@study ~]$ lsblk
NAME            MAJ:MIN RM  SIZE RO TYPE MOUNTPOINT
sda               8:0    0 40.8G  0 disk 				# 这是一整颗磁盘
├─sda1            8:1    0    2M  0 part 
├─sda2            8:2    0    1G  0 part /boot
└─sda3            8:3    0   30G  0 part 				# 在 sda3 内的其他的文件系统
  ├─centos-root 253:0    0   10G  0 lvm  /
  ├─centos-swap 253:1    0    1G  0 lvm  [SWAP]
  └─centos-home 253:2    0    5G  0 lvm  /home
sdb               8:16   0    2G  0 disk 
sr0              11:0    1 73.6M  0 rom 
```

从输出来看，主要有 sda 、sdb、sr0 装置，而 sda 下面又分了 3 个分区，其中 sda3 还有 LVM 产生的文件系统

- NAME：装置文件名，会省略 /dev 等前导目录
- MAJ:MIN：其实核心认识的装置都是通过这两个代码来熟悉的，分别是：`主要:次要` 装置
- RM：是否为颗拆卸装置（removable device）。如光盘、USB 磁盘等
- SIZE：容量
- RO：是否为只读
- TYPE：磁盘 disk、分区槽 partition、只读存储器 rom 
- MOUTPOINT：挂载点

列出 /dev/sda (前面已经说过了，使用虚拟机不同，磁盘里面没有 vda 的，我的是 sda 哦) 装置内的所有数据的完整文件名

```bash
[root@study ~]# lsblk -ip /dev/sda
NAME                        MAJ:MIN RM  SIZE RO TYPE MOUNTPOINT
/dev/sda                      8:0    0 40.8G  0 disk 
|-/dev/sda1                   8:1    0    2M  0 part 
|-/dev/sda2                   8:2    0    1G  0 part /boot
`-/dev/sda3                   8:3    0   30G  0 part 
  |-/dev/mapper/centos-root 253:0    0   10G  0 lvm  /
  |-/dev/mapper/centos-swap 253:1    0    1G  0 lvm  [SWAP]
  `-/dev/mapper/centos-home 253:2    0    5G  0 lvm  /home
```

### 列出装置的 UUID 等参数

使用 `lsblk -f` 可以列出来 UUID 的数据，不过习惯使用 blkid 来找出装置的 UUID，可以用来作为挂载或则是使用这个装置/文件系统用

```bash
[root@study ~]# lsblk -f
NAME            FSTYPE    LABEL           UUID                                   MOUNTPOINT
sda                                                                              
├─sda1                                                                           
├─sda2          xfs                       13d0663f-4cbd-412d-aa9f-975eb18da590   /boot
└─sda3          LVM2_memb                 cksKYp-dPYj-CCPQ-Qxpq-m6rE-bhcL-84NkM3 
  ├─centos-root xfs                       7b220a88-4e13-4869-9aa9-87031303f3e1   /
  ├─centos-swap swap                      0576b616-9606-434b-91c6-b99cbba5597d   [SWAP]
  └─centos-home xfs                       d475b892-bcde-4c97-99da-497f3ff7163c   /home
sdb                                                                              
sr0             iso9660   VBox_GAs_6.0.10 2019-07-12-09-13-14-35   

# 显示格式不一样，还多了分区的 UUID，感觉上面的少了一个 dsa1 的呢？
[root@study ~]# blkid
/dev/sda1: PARTUUID="bf674a46-65e1-43b1-a348-ac2c06c25293" 
/dev/sda2: UUID="13d0663f-4cbd-412d-aa9f-975eb18da590" TYPE="xfs" PARTUUID="783703d8-96cb-48fa-bfdb-853e7a0b1581" 
/dev/sda3: UUID="cksKYp-dPYj-CCPQ-Qxpq-m6rE-bhcL-84NkM3" TYPE="LVM2_member" PARTUUID="cb3c0557-b7a5-493c-bab0-250a62a11099" 
/dev/sr0: UUID="2019-07-12-09-13-14-35" LABEL="VBox_GAs_6.0.10" TYPE="iso9660" 
/dev/mapper/centos-root: UUID="7b220a88-4e13-4869-9aa9-87031303f3e1" TYPE="xfs" 
/dev/mapper/centos-swap: UUID="0576b616-9606-434b-91c6-b99cbba5597d" TYPE="swap" 
/dev/mapper/centos-home: UUID="d475b892-bcde-4c97-99da-497f3ff7163c" TYPE="xfs" 
```



### parted 列出磁盘的分区表类型与分区信息

```bash
# 语法：parted device_name print
[root@study ~]# parted /dev/sda print
Model: ATA VBOX HARDDISK (scsi)										# 磁盘模块名称（厂商）
Disk /dev/sda: 43.8GB															# 磁盘的总容量
Sector size (logical/physical): 512B/512B					# 磁盘的每个逻辑/物理扇区容量
Partition Table: gpt						# 分区格式
Disk Flags: pmbr_boot

# 下面是分区信息
Number  Start   End     Size    File system  Name  标志
 1      1049kB  3146kB  2097kB                     bios_grub
 2      3146kB  1077MB  1074MB  xfs
 3      1077MB  33.3GB  32.2GB                     lvm

```



## 磁盘分区：gdisk、fdisk

- MBR：使用 fdisk 分区
- GPT：使用 gdisk 分区

两个工具使用相似，通过内部的说明来操作，不需要死记硬背。刚刚通过 parted 指令输出的结果得知 sda 这个磁盘是 GPT 分区，所以下面的使用 gdisk 来操作

### gdisk

语法很简单

```bash
gdisk 装置名称
```

例：观察 /dev/sda 磁盘的分区与相关数据



```bash
[root@study ~]# gdisk /dev/sda
GPT fdisk (gdisk) version 0.8.10

Partition table scan:
  MBR: protective
  BSD: not present
  APM: not present
  GPT: present
# 找到了 GPT 的分区表
Found valid GPT with protective MBR; using GPT.

Command (? for help): ?  # 等待你输入指令，可以输入问号显示说明
b       back up GPT data to a file
c       change a partition's name
d       delete a partition		# 删除分区
i       show detailed information on a partition
l       list known partition types
n       add a new partition		# 增加分区
o       create a new empty GUID partition table (GPT)
p       print the partition table # 打印分区表（常用）
q       quit without saving changes # 不存储分区就直接离开 gdisk
r       recovery and transformation options (experts only)
s       sort partitions
t       change a partition's type code
v       verify disk
w       write table to disk and exit	# 存储分区操作后离开 gdisk
x       extra functionality (experts only)
?       print this menu

```

再来回顾下步骤：

1. 使用 lsblk 或 blkid 找到磁盘
2. 使用 parted /dev/xxx print 来找出内部的分表表类型
3. 使用 gdisk 或 fdisk 来操作

通过上面的帮助，有两个重要信息：指令 q 和 w，在 gdisk 里面执行的操作，**只有使用这两个指令后才会生效**，
使用 q 退出不生效，使用 w 生效并离开。

```bash
Command (? for help): p		# 输出目前磁盘的状态
Disk /dev/sda: 85491712 sectors, 40.8 GiB				# 磁盘文件名、扇区数量、总容量
Logical sector size: 512 bytes									# 单一扇区大小为 512 bytes
Disk identifier (GUID): 67038DBF-B66A-4D0F-92B2-BFBF0744CD1D	# 磁盘的 GPT标识符
Partition table holds up to 128 entries
First usable sector is 34, last usable sector is 85491678
Partitions will be aligned on 2048-sector boundaries
Total free space is 20467645 sectors (9.8 GiB)

# 下面是分区信息
# 分区编号 开始扇区号码			 结束扇区号码    容量大小
Number  Start (sector)    End (sector)  Size       Code  Name
   1            2048            6143   2.0 MiB     EF02  
   2            6144         2103295   1024.0 MiB  0700  
   3         2103296        65026047   30.0 GiB    8E00
# 这里的 Code linux 为 8300，swap 为 8200，不过只是一个提示，不见得真的代表此分区槽内的文件系统
```

从上表可以发现几件事情：

- 整颗磁盘还可以进行额外的分区

  最大扇区为 85491712 个，下面三个分区表（第三个）结束扇区为 65026047，
  在上面信息中也提示了空闲的扇区 `20467645 sectors (9.8 GiB)`

- 分区槽的设计中，新分区通常选用上一个分区的结束扇区号码数加 1 作为起始扇区号码

::: warning
注意不要在 MBR 分区上使用 gdisk，如果指令按错，恐怕分区记录会挂掉，
另外在 gdisk 中操作，离开的时候记得按 q ，不要按 w 就不会生效
:::

### 用 gdisk 新增分区槽

最开始安装的时候就预留了一块容量来做练习，在上面也看到了还剩余 9.8 G 的空余容量，假设有如下的分区需求：



- 1 GB 的 xfs 文件系统（linux）
- 1 GB 的 vfat 文件系统（windows）
- 0.5 GB 的 swap （linux swap）

```bash
[root@study ~]# gdisk /dev/sda
Command (? for help): p
Number  Start (sector)    End (sector)  Size       Code  Name
   1            2048            6143   2.0 MiB     EF02  
   2            6144         2103295   1024.0 MiB  0700  
   3         2103296        65026047   30.0 GiB    8E00 
# 打印分区信息，主要目的是为了找到最后一个 sector 的号码，这里是 65026047
# 使用指令 n 增加物理分区
Command (? for help): n
Partition number (4-128, default 4): 4  # 分区号码，这里默认就是 4，所以可以直接按回车
First sector (34-85491678, default = 65026048) or {+-}size{KMGTP}: # 第一个扇区号码，同样有默认的
Last sector (65026048-85491678, default = 85491678) or {+-}size{KMGTP}: +1G  # 结束扇区号码
# 上面有默认的值，不需要我们自己计算扇区数量，使用 +- KMGTP 等单位容量方式来容量

# 选择未来该分区槽预计使用的文件系统，预设的都是 linux 文件系统的 8300
Current type is 'Linux filesystem'
Hex code or GUID (L to show codes, Enter = 8300): 
Changed type of partition to 'Linux filesystem'

# 再次打印，就发现多了刚刚分出来的分区信息
Command (? for help): p
Disk /dev/sda: 85491712 sectors, 40.8 GiB
Logical sector size: 512 bytes
Disk identifier (GUID): 67038DBF-B66A-4D0F-92B2-BFBF0744CD1D
Partition table holds up to 128 entries
First usable sector is 34, last usable sector is 85491678
Partitions will be aligned on 2048-sector boundaries
Total free space is 18370493 sectors (8.8 GiB)

Number  Start (sector)    End (sector)  Size       Code  Name
   1            2048            6143   2.0 MiB     EF02  
   2            6144         2103295   1024.0 MiB  0700  
   3         2103296        65026047   30.0 GiB    8E00  
   4        65026048        67123199   1024.0 MiB  8300  Linux filesystem

那么后面两个区的分区继续，记得每次分区完就打印下信息，查看是否正确

Command (? for help): n
Partition number (5-128, default 5): 
First sector (34-85491678, default = 67123200) or {+-}size{KMGTP}: 
Last sector (67123200-85491678, default = 85491678) or {+-}size{KMGTP}: +1G
Current type is 'Linux filesystem'
Hex code or GUID (L to show codes, Enter = 8300): 0700  # 0700 为 windows 文件系统
Changed type of partition to 'Microsoft basic data'

Command (? for help): n
Partition number (6-128, default 6): 
First sector (34-85491678, default = 69220352) or {+-}size{KMGTP}: 
Last sector (69220352-85491678, default = 85491678) or {+-}size{KMGTP}: +500M
Current type is 'Linux filesystem'
Hex code or GUID (L to show codes, Enter = 8300): 8200  # linux swap
Changed type of partition to 'Linux swap'

# 最后分区完成后的分区信息如下
Command (? for help): n
...
Number  Start (sector)    End (sector)  Size       Code  Name
   1            2048            6143   2.0 MiB     EF02  
   2            6144         2103295   1024.0 MiB  0700  
   3         2103296        65026047   30.0 GiB    8E00  
   4        65026048        67123199   1024.0 MiB  8300  Linux filesystem 
   5        67123200        69220351   1024.0 MiB  0700  Microsoft basic data
   6        69220352        70244351   500.0 MiB   8200  Linux swap

# 分区的时候需要使用到 code，上面有对应的 code 数值了
# 如果忘记或则不知道，可以使用 l 命令来显示所有的 code 值
Command (? for help): l
0700 Microsoft basic data  0c01 Microsoft reserved    2700 Windows RE          
3000 ONIE boot             3001 ONIE config           4100 PowerPC PReP boot  
...

# 最后使用 w 命令写入磁盘分区表
Command (? for help): w

Final checks complete. About to write GPT data. THIS WILL OVERWRITE EXISTING
PARTITIONS!!

Do you want to proceed? (Y/N): y
OK; writing new GUID partition table (GPT) to /dev/sda.
Warning: The kernel is still using the old partition table.
The new table will be used at the next reboot.
The operation has completed successfully.

# 等你输入 y 确认之后，开始执行，上面的警告信息翻译如下
警告：内核仍在使用旧的分区表。
新表将在下次重新启动时使用。
操作已成功完成。

# 查看信息，发现分区中还没有出现 sda4、5、6 ，这是因为核心还没有更新
[root@study ~]# cat /proc/partitions 
major minor  #blocks  name

   8        0   42745856 sda
   8        1       2048 sda1
   8        2    1048576 sda2
   8        3   31461376 sda3
   8       16    2097152 sdb
  11        0      75354 sr0
 253        0   10485760 dm-0
 253        1    1048576 dm-1
 253        2    5242880 dm-2
```

对于警告内核未生效，我们有两种方式来处理，第一种就是重新启动，另一种就是通过 partprobe 指令来处理